// Jest Snapshot v1, https://goo.gl/fbAQLP

exports[`RoleDisplay Component should match the role Display snapshot 1`] = `
<div>
  <div>
    <h5>
      Create Role
    </h5>
    <InputField
      className="validate form-design"
      name="title"
      onChange={[MockFunction]}
      placeholder="role Title"
      type="text"
      value=""
    />
    <InputField
      className="validate form-design"
      name="description"
      onChange={[MockFunction]}
      placeholder="role Content"
      type="text"
    />
    <button
      className="waves-effect btn button-design"
      id="save-role"
      onClick={[MockFunction]}
      type="submit"
    >
      Save
    </button>
  </div>
</div>
`;
