// Jest Snapshot v1, https://goo.gl/fbAQLP

exports[`Role List Container should match snapshot of document list 1`] = `
<div
  className="document-list"
>
  <div
    className="container"
  >
    <div
      className="row"
    >
      <div
        className="document-list-view"
      >
        <div
          className="col l6 m6 s12"
        >
          <div
            className=" card-panel hoverable"
          >
            <h5>
              All Roles
            </h5>
            <div
              className="divider"
            />
            <div
              className="scrollable"
            >
              <RoleCard
                deleteRole={[Function]}
                match={
                  Object {
                    "url": "",
                  }
                }
                onChange={[Function]}
                onSubmit={[Function]}
                title="Manny"
              />
              <RoleCard
                deleteRole={[Function]}
                match={
                  Object {
                    "url": "",
                  }
                }
                onChange={[Function]}
                onSubmit={[Function]}
                title="John"
              />
              <RoleCard
                deleteRole={[Function]}
                match={
                  Object {
                    "url": "",
                  }
                }
                onChange={[Function]}
                onSubmit={[Function]}
                title="move"
              />
            </div>
          </div>
        </div>
      </div>
    </div>
  </div>
</div>
`;
