// Jest Snapshot v1, https://goo.gl/fbAQLP

exports[`DocumentDisplay Component should match the document Display snapshot 1`] = `
<div
  className="document-form"
>
  <div
    className="center hover"
  >
    <h5>
      Create Document
    </h5>
    <InputField
      className="validate div-design"
      name="title"
      onChange={[MockFunction]}
      placeholder="Document Title"
      type="text"
      value=""
    />
    <select
      className="browser-default input-field select"
      name="access"
      onChange={[MockFunction]}
    >
      <Dropdown
        text="Select access type"
        value=""
      />
      <Dropdown
        text="Public"
        value="public"
      />
      <Dropdown
        text="Private"
        value="private"
      />
      <Dropdown
        text="Role"
        value="role"
      />
    </select>
    <TinyMCE
      config={
        Object {
          "height": 200,
          "plugins": "link image code",
          "toolbar": "undo redo | bold italic | alignleft aligncenter alignright | code",
        }
      }
      content=""
      onChange={[MockFunction]}
    />
    <div
      className="input-field center"
    >
      <button
        className="waves-effect btn button-design"
        id="save-document"
        onClick={[MockFunction]}
      >
        Create
      </button>
    </div>
  </div>
</div>
`;
