// Jest Snapshot v1, https://goo.gl/fbAQLP

exports[`AuthPage Component should match the AuthPage snapshot 1`] = `
<div>
  <Connect(withRouter(Header))
    match={
      Object {
        "path": "",
      }
    }
  />
  <div
    className="container authpage"
  >
    <div
      className="row auth-card"
    >
      <Switch>
        <Route
          exact={true}
          path="/signin"
          render={[Function]}
        />
        <Route
          component={
            Object {
              "$$typeof": Symbol(react.memo),
              "WrappedComponent": [Function],
              "compare": null,
              "displayName": "Connect(withRouter(SignUpForm))",
              "type": [Function],
            }
          }
          exact={true}
          path="/signup"
        />
      </Switch>
    </div>
  </div>
</div>
`;
