// Jest Snapshot v1, https://goo.gl/fbAQLP

exports[`Landing Container LandingContainer Component should match the LandingContainer snapshot 1`] = `
<div
  className="landing-page"
>
  <Connect(withRouter(Header))
    match={
      Object {
        "path": "",
      }
    }
  />
  <SectionDisplay />
</div>
`;
