// Jest Snapshot v1, https://goo.gl/fbAQLP

exports[`UserCard Component should match the user card snapshot 1`] = `
<div>
  <a
    className="truncate"
    href="#!"
    name={3}
    onClick={[MockFunction]}
  >
    Eguono
     
    Efe
  </a>
  <p>
    efe@gmail.com
  </p>
  <p>
    Joined at: 
    Invalid Date
  </p>
  <div
    className="divider"
  />
</div>
`;
