// Jest Snapshot v1, https://goo.gl/fbAQLP

exports[`UserDisplay Component should match the user Display snapshot 1`] = `
<div
  className="document-form"
>
  <div
    className="center hover"
  >
    <div
      className="card"
    >
      <h5
        className="center"
      >
         User Profile 
      </h5>
      <div
        className="row profile"
      >
        <div
          className="col l8 m8 s12"
        >
          <InputField
            className="validate form-design"
            id="firstName"
            name="firstName"
            onChange={[MockFunction]}
            placeholder="First Name"
            type="text"
            value="Efe"
          />
        </div>
        <div
          className="col l8 m8 s12"
        >
          <InputField
            className="validate form-design"
            id="lastName"
            name="lastName"
            onChange={[MockFunction]}
            placeholder="Last Name"
            type="text"
            value="Eguono"
          />
        </div>
        <div
          className="col l8 m8 s12"
        >
          <InputField
            className="validate form-design"
            id="email"
            name="email"
            onChange={[MockFunction]}
            placeholder="Email"
            type="email"
            value="email"
          />
        </div>
      </div>
      <div
        className="row user-action"
      >
        <div
          className="col l6 m6 s12 input-field center"
        >
          <Modal
            actions={
              Array [
                <Button
                  flat={true}
                  modal="close"
                  node="button"
                  waves="green"
                >
                  Close
                </Button>,
              ]
            }
            bottomSheet={false}
            fixedFooter={false}
            id="modal-1"
            options={
              Object {
                "dismissible": true,
                "endingTop": "10%",
                "inDuration": 250,
                "onCloseEnd": null,
                "onCloseStart": null,
                "onOpenEnd": null,
                "onOpenStart": null,
                "opacity": 0.5,
                "outDuration": 250,
                "preventScrolling": true,
                "startingTop": "4%",
              }
            }
            trigger={
              <a
                className="waves-effect btn button-design"
                data-target="passwordModal"
                id="update-password"
              >
                Change Password
              </a>
            }
          >
            <div>
              <h5
                className="center"
              >
                 Set Password
              </h5>
              <div
                className="row"
              >
                <div
                  className="col l12 m12 s12"
                >
                  <InputField
                    className="validate form-design"
                    name="oldPassword"
                    onChange={[MockFunction]}
                    placeholder="Old Password"
                    type="password"
                  />
                  <InputField
                    className="validate form-design"
                    name="password"
                    onChange={[MockFunction]}
                    placeholder="Password"
                    type="password"
                  />
                </div>
                <div
                  className="col l12 m12 s12"
                >
                  <InputField
                    className="validate form-design"
                    name="confirmPassword"
                    onChange={[MockFunction]}
                    placeholder="Re-Type Password"
                    type="password"
                  />
                </div>
              </div>
              <div
                className="center"
              >
                <button
                  className="btn button-design modal-action modal-close"
                  id="password-button"
                  onClick={[MockFunction]}
                  type="submit"
                >
                  Save
                </button>
              </div>
            </div>
          </Modal>
        </div>
        <div
          className="col l6 m6 s12 input-field center"
        >
          <button
            className="waves-effect btn button-design"
            id="update-button"
            onClick={[MockFunction]}
            type="submit"
          >
            Save
          </button>
        </div>
      </div>
    </div>
  </div>
</div>
`;
