// Jest Snapshot v1, https://goo.gl/fbAQLP

exports[`NavBar Component should match the navbar snapshot 1`] = `
<nav
  className="nav-extended nav-design"
>
  <div
    className="nav-wrapper"
  >
    <Link
      className="brand-logo"
      to="/"
    >
      <img
        alt="nav-logo"
        className="brand-img"
        src="../../img/logo2.jpg"
      />
       ms
    </Link>
    <Link
      className="button-collapse"
      data-activates="mobile-demo"
      to=""
    >
      <i
        className="material-icons"
      >
        menu
      </i>
    </Link>
    <ul
      className="right hide-on-med-and-down"
      id="nav-mobile"
    >
      <li
        className="signin-button"
      >
        <Link
          to="/auth/signin"
        >
          LOG IN
        </Link>
      </li>
      <li
        className="signup-button"
      >
        <Link
          to="/auth/signup"
        >
          GET STARTED
        </Link>
      </li>
    </ul>
    <ul
      className="side-nav"
      id="mobile-demo"
    >
      <li>
        <Link
          to="/auth/signin"
        >
          LOG IN
        </Link>
      </li>
      <li>
        <Link
          to="/auth/signup"
        >
          GET STARTED
        </Link>
      </li>
    </ul>
  </div>
</nav>
`;
