// Jest Snapshot v1, https://goo.gl/fbAQLP

exports[`SideBar Component should match the sidebar snapshot 1`] = `
<ul
  className="side-nav fixed "
  id="slide-out"
>
  <li>
    <div
      className="user-view"
    >
      <div
        className="side-logo center"
      >
        <Link
          className="brand-logo"
          to="/"
        >
          <img
            alt="sidebar-logo"
            className="brand-img"
            src="../../img/logo2.jpg"
          />
           ms
        </Link>
      </div>
    </div>
  </li>
  <ul
    className="collapsible"
    data-collapsible="accordion"
  >
    <li>
      <div
        className="collapsible-header"
        id="document-header"
      >
        <i
          className="material-icons"
        >
          note
        </i>
        Document
      </div>
      <div
        className="collapsible-body"
        id="document"
      >
        <ul>
          <li>
            <Link
              id="create-document"
              to="//document"
            >
              <i
                className="material-icons"
              >
                note_add
              </i>
              Create Document
            </Link>
          </li>
          <li>
            <Link
              to="//all-documents"
            >
              <i
                className="material-icons"
              >
                perm_media
              </i>
              All Document
            </Link>
          </li>
        </ul>
      </div>
    </li>
    <li>
      <div
        className="collapsible-header"
        id="user-header"
      >
        <i
          className="material-icons"
        >
          people
        </i>
        Users
      </div>
      <div
        className="collapsible-body"
        id="user"
      >
        <ul>
          <li>
            <Link
              id="profile"
              to="//profile"
            >
              <i
                className="material-icons"
              >
                perm_identity
              </i>
              Profile
            </Link>
          </li>
          <li>
            <Link
              id="userList"
              to="//all-users"
            >
              <i
                className="material-icons"
              >
                people_outline
              </i>
              All Users
            </Link>
          </li>
        </ul>
      </div>
    </li>
    <li>
      <div
        className="collapsible-header"
        id="role-header"
      >
        <i
          className="material-icons"
        >
          face
        </i>
        Roles
      </div>
      <div
        className="collapsible-body"
      >
        <ul>
          <li>
            <Link
              id="create-role"
              to="//role"
            >
              <i
                className="material-icons"
              >
                create
              </i>
              Create Role
            </Link>
          </li>
          <li>
            <Link
              id="roleList"
              to="//all-roles"
            >
              <i
                className="material-icons"
              >
                wc
              </i>
              All Roles
            </Link>
          </li>
        </ul>
      </div>
    </li>
  </ul>
</ul>
`;
