// Jest Snapshot v1, https://goo.gl/fbAQLP

exports[`InputField Component should match the inputfield snapshot 1`] = `
<div
  className="input-field"
>
  <input
    className="awesome"
    name="input"
    onChange={[MockFunction]}
    placeholder="inputfield"
    required={true}
    type="text"
    value="efe"
  />
  <label
    className="form-label"
    data-error="Invalid Input"
    data-success=""
    htmlFor="email"
  >
    input
  </label>
</div>
`;
